<?xml version="1.0" encoding="utf-8"?>
<type assembly="DowJones.Documentation.Tests" fullName="DowJones.Documentation.Tests.Tools.VSDocPreprocessor.TestData.TestClass.TestInnerEnum" name="TestInnerEnum" namespace="DowJones.Documentation.Tests.Tools.VSDocPreprocessor.TestData.TestClass">
  <summary>A test enum declared as an inner class</summary>
  <constructors />
  <events />
  <methods />
  <properties />
</type>