<?xml version="1.0" encoding="utf-8"?>
<type assembly="DowJones.Documentation.Tests" fullName="DowJones.Documentation.Tests.Tools.VSDocPreprocessor.TestData.TestEnum" name="TestEnum" namespace="DowJones.Documentation.Tests.Tools.VSDocPreprocessor.TestData">
  <example>To use this class, just instantiate it like this:
        var class = new TestClass("Awesome!");</example>
  <remarks>This class is awesome.</remarks>
  <summary>A test enum</summary>
  <constructors />
  <events />
  <methods />
  <properties />
</type>