<?xml version="1.0" encoding="utf-8"?>
<type assembly="DowJones.Documentation.Tests" fullName="DowJones.Documentation.Tests.Tools.VSDocPreprocessor.TestData.TestClass" name="TestClass" namespace="DowJones.Documentation.Tests.Tools.VSDocPreprocessor.TestData">
  <summary>A test class that emits VSDoc documentation</summary>
  <constructors>
    <constructor name="TestClass()">
      <summary>The default constructor</summary>
      <parameters />
    </constructor>
    <constructor name="TestClass(string)">
      <summary>A constructor with one parameter</summary>
      <parameters>
        <parameter name="param1" type="string">
          <remarks>The first parameter</remarks>
        </parameter>
      </parameters>
    </constructor>
    <constructor name="TestClass(string, string)">
      <summary>A constructor with two parameters</summary>
      <parameters>
        <parameter name="param1" type="string">
          <remarks>The first parameter</remarks>
        </parameter>
        <parameter name="param2" type="string">
          <remarks>The second parameter</remarks>
        </parameter>
      </parameters>
    </constructor>
  </constructors>
  <events>
    <event name="Event">
      <summary>Public event</summary>
    </event>
  </events>
  <methods>
    <method name="ComplexMethod(Uri)">
      <summary>A method that returns a complex type</summary>
      <parameters>
        <parameter name="param" type="Uri">
          <remarks>The parameter for the method</remarks>
        </parameter>
      </parameters>
    </method>
    <method name="MethodWithNoParameters()">
      <summary>A method that doesn't accept parameters</summary>
      <parameters />
    </method>
    <method name="StaticVoidMethod(string)">
      <summary>The static version of the VoidMethod</summary>
      <parameters>
        <parameter name="param" type="string">
          <remarks>The parameter for the method</remarks>
        </parameter>
      </parameters>
    </method>
    <method name="VoidMethod(int)">
      <summary>A method that doesn't actually do or return anything</summary>
      <parameters>
        <parameter name="param" type="int">
          <remarks>The parameter for the method</remarks>
        </parameter>
      </parameters>
    </method>
  </methods>
  <properties>
    <property name="Property1">
      <summary>A primary type property</summary>
    </property>
    <property name="Property2">
      <summary>This is a complex type property</summary>
    </property>
    <property name="StaticProperty">
      <summary>A read/write static property</summary>
    </property>
  </properties>
</type>