<?xml version="1.0" encoding="utf-8"?>
<type assembly="DowJones.Documentation.Tests" fullName="DowJones.Documentation.Tests.Tools.VSDocPreprocessor.TestData.TestClassBuilder" name="TestClassBuilder" namespace="DowJones.Documentation.Tests.Tools.VSDocPreprocessor.TestData">
  <summary>A test class with a name that looks very similar to TestClass</summary>
  <constructors>
    <constructor name="TestClassBuilder()">
      <summary>Creates a new TestClassBuilder</summary>
      <parameters />
    </constructor>
  </constructors>
  <events />
  <methods>
    <method name="Build(TestClass)">
      <summary>Builds the TestClass</summary>
      <parameters>
        <parameter name="class" type="TestClass">
          <remarks>The TestClass to build</remarks>
        </parameter>
      </parameters>
    </method>
  </methods>
  <properties />
</type>